../Core/Src/main.c:98:5:main	16	static
../Core/Src/main.c:174:6:HAL_TIM_PeriodElapsedCallback	16	static
../Core/Src/main.c:205:6:SystemClock_Config	88	static
../Core/Src/main.c:251:13:MX_NVIC_Init	8	static
../Core/Src/main.c:266:13:MX_ADC1_Init	24	static
../Core/Src/main.c:328:13:MX_I2C1_Init	8	static
../Core/Src/main.c:362:13:MX_TIM1_Init	32	static
../Core/Src/main.c:411:13:MX_TIM2_Init	32	static
../Core/Src/main.c:456:13:MX_USART2_UART_Init	8	static
../Core/Src/main.c:489:13:MX_USART3_UART_Init	8	static
../Core/Src/main.c:520:13:MX_DMA_Init	16	static
../Core/Src/main.c:538:13:MX_GPIO_Init	48	static
../Core/Src/main.c:570:6:Error_Handler	4	static,ignoring_inline_asm
